// Jest Snapshot v1, https://goo.gl/fbAQLP

exports[`AssessRouter 组件 应当渲染并与快照匹配 1`] = `<DocumentFragment />`;
