// Jest Snapshot v1, https://goo.gl/fbAQLP

exports[`Records matches snapshot 1`] = `
<DocumentFragment>
  <div>
    <h2>
      Optometrist Records Page
    </h2>
  </div>
</DocumentFragment>
`;
