// Jest Snapshot v1, https://goo.gl/fbAQLP

exports[`AboutPage matches snapshot 1`] = `
<DocumentFragment>
  <h1>
    About us page
  </h1>
</DocumentFragment>
`;
