// Jest Snapshot v1, https://goo.gl/fbAQLP

exports[`ContactPage matches snapshot 1`] = `
<DocumentFragment>
  <h1>
    SettingsPage
  </h1>
</DocumentFragment>
`;
